OK
OK
OK
OK
OA agregated circle line rectangle
C circle 1 2 3
L line 1 3 5 6
R rectangle 1 2 3 4
