OK
OK
OK
OK
OK
OA agr poly
PL poly 1 1 2 2 3 3 4 4
OK
OA agr
