OK
OA agr circle
C circle 1 2 3
L line 1 1 2 2
PL poly 1 1 2 2 3 3 4 4
R rectangle 1 2 3 4
