OK
OK
OK
OK
OK
OK
OK
OK
C circle 2 4 3
L line 3 4 4 5
PL poly 4 5 5 6 6 7 7 8
R rectangle 5 7 7 9
