OK
#New object: rectangle1
OK
#New object: l172v
OK
#New object: circle1
OK
#New object: agg1
OK
#New object: agg2
OK
ERR
OK
