OK
OK
OK
OK
OK
rectangle1 56 46 108 4536 
l172v 56 46 108 4536 
circle1 12 15 45
agg1 rectangle1 circle1
agg2 l172v agg1
OK
l172v 56 46 108 4536 
circle1 12 15 45
agg1 rectangle1 circle1
agg2 l172v agg1
OK
l172v 56 46 108 4536 
circle1 12 15 45
agg2 l172v agg1
ERR
#Invalid parameters
l172v 56 46 108 4536 
circle1 12 15 45
agg2 l172v agg1
